<?xml version="1.0" encoding="utf-8"?><testsuites><testsuite errors="0" failures="0" hostname="DESKTOP-2VAJSCE" name="pytest" skipped="0" tests="3" time="0.072" timestamp="2019-09-08T00:33:02.750418"><testcase classname="tests.test_my_func.MyTestCase" file="tests\test_my_func.py" line="5" name="test_my_func" time="0.002"></testcase><testcase classname="tests.test_my_func.MyTestCase" file="tests\test_my_func.py" line="8" name="test_my_other_func" time="0.001"></testcase><testcase classname="tests.test_my_hump.MyTestCase" file="tests\test_my_hump.py" line="5" name="test_my_func" time="0.001"></testcase></testsuite></testsuites>